exports[`Results renders as expected 1`] = `null`;
